// Jest Snapshot v1, https://goo.gl/fbAQLP

exports[`ProWhatIs component Matches snapshot with minimal props 1`] = `
<div
  className="caldera-forms-pro-what-is"
>
  <p>
    Caldera Forms Pro is an app + plugin that makes forms easy.
  </p>
  <h3>
    Benefits
  </h3>
  <ul>
    <li>
      Enhanced Email Delivery
    </li>
    <li>
      Form To PDF
    </li>
    <li>
      Priority Support
    </li>
    <li>
      Add-ons Included in Yearly Plans
    </li>
  </ul>
</div>
`;
