// Jest Snapshot v1, https://goo.gl/fbAQLP

exports[`GetSendWP component Matches snapshot with minimal props 1`] = `
<div
  className="caldera-forms-global-form-settings"
  style={
    Object {
      "margin": "20px",
    }
  }
>
  <div
    className="caldera-forms-clippy-zone-inner-wrap"
    style={
      Object {
        "background": "white",
      }
    }
  >
    <div
      className="caldera-forms-clippy"
      style={
        Object {
          "backgroundColor": "white",
          "padding": "20px",
          "textAlign": "center",
        }
      }
    >
      <h2>
        Getting WordPress email into an inbox just got a lot easier!
      </h2>
      <p>
        SendWP makes getting emails delivered as simple as a few clicks. So you can relax, knowing those important emails are being delivered on time.
      </p>
      <a
        className="bt-btn btn btn-green"
        href="https://sendwp.com?utm_source=Caldera+Forms+Plugin&utm_medium=Forms_Email+Settings&utm_campaign=SendWP+banner+ad"
        style={
          Object {
            "margin": "auto",
            "paddingTop": "12px",
            "width": "80%",
          }
        }
        target="_blank"
      >
        Learn More
      </a>
    </div>
  </div>
</div>
`;
